// Jest Snapshot v1, https://goo.gl/fbAQLP

exports[`Avatar should match snapshot 1`] = `
<DocumentFragment>
  <img
    class="sc-bgqQcB kwIcXm"
  />
</DocumentFragment>
`;

exports[`MedzBreadcrumb should match snapshot 1`] = `
<DocumentFragment>
  <img
    class="sc-bgqQcB kwIcXm"
  />
</DocumentFragment>
`;
